# Test the parser on a graph that contains several nodes
# with two edges each.

loaded graph anime
the children of Naruto in anime are: Asuna(Naruto) Asuna(SAO) Itachi(Naruto) Kirito(OnePiece) Kirito(SAO) Luffy(Naruto) Luffy(OnePiece) Sanji(OnePiece) Sasuke(Naruto) Zoro(OnePiece)
