# Test the parser on a graph that contains several nodes
# with two edges each.

loaded graph anime
the children of Naruto in anime are: Itachi(Naruto) Sasuke(Naruto)
