# Test the parser on a graph that contains several nodes
# with two edges each.

loaded graph heroes
heroes contains: Ernst-the-Bicycling-Wizard Grossman-the-Youngest-of-them-all Notkin-of-the-Superhuman-Beard Perkins-the-Magical-Singing-Instructor
the children of Notkin-of-the-Superhuman-Beard in heroes are: Ernst-the-Bicycling-Wizard(CSE331) Ernst-the-Bicycling-Wizard(CSE403) Grossman-the-Youngest-of-them-all(CSE331) Perkins-the-Magical-Singing-Instructor(CSE331)